social.are
help.are
limbo.are
dpit.are
nubia.are
plains.are
zoology.are
ofcol2.are
hades.are
olympus.are
air.are
shire.are
hitower.are
gnome.are
wyvern.are
lakarhi.are
telparia.are
catacomb.are
draconia.are
dragon2.are
clanhall.are
tree.are
midgaard.are
chapel.are
midennir.are
grave.are
school.are
school2.are
moria.are
chess2.are
funhouse.are
circus.are
florin2.are
reef144.are
creation.are
abyss.are
olthoi.are
drow.are
thalos.are
mirror.are
lindon.are
ofcol.are
aarak2.are
firetop.are
ice.are
haon.are
arachnos.are
dwarven.are
daycare.are
red.are
sewer.are
shikoku.are
astral.are
valley.are
atlantis.are
losttemp.are
marien.are
pyramid.are
mirkwd2.are
grove.are
nirvana.are
canyon.are
mobfact.are
newthalo.are
crystal.are
adesert.are
solace.are
tohell.are
dark.are
white.are
shield.are
divsouls.are
drakyri.are
heaven.are
shadvaly.are
oakgrove.are
ciquala2.are
anonplis.are
dark2.are
donjon.are
king2.are
dara.are
warkeep.are
under2.are
fortress.are
titan.are
newbie2.are
mon.are
geisel.are
casino.are
golem.are
labyr56.are
depths.are
velt.are
test2.are
gstrong.are
cloudymt.are
nephilim.are
eidolon.are
drac.are
abyss2.are
shaolin.are
quest.are
tower.are
crux.are
mystmoon.are
tcwnn2.are
tcwnn.are
$
